// Jest Snapshot v1, https://goo.gl/fbAQLP

exports[`Test inlineError Component should matches the snapshot 1`] = `
<span
  className="inlineError text-danger"
/>
`;
