// Jest Snapshot v1, https://goo.gl/fbAQLP

exports[`User page should rendered user page without crashed 1`] = `
<Fragment>
  <div
    className="form-group row"
  >
    <div
      className="col-sm-12 col-md-2"
    >
      <Navigation />
    </div>
    <div
      className="col-sm-12 col-md-10"
    >
      <Connect(Users) />
      <Footer
        footerClassName="footer inner"
      />
    </div>
  </div>
</Fragment>
`;
