// Jest Snapshot v1, https://goo.gl/fbAQLP

exports[`<LoginForm /> should render login form 1`] = `
<ContextConsumer>
  <Component />
</ContextConsumer>
`;
