// Jest Snapshot v1, https://goo.gl/fbAQLP

exports[`App should match snapshot 1`] = `
<div
  className="store-background"
>
  <FormContainer
    title="Store Manager"
  >
    <Connect(LoginForm) />
  </FormContainer>
  <Footer
    footerClassName="footer login"
  />
</div>
`;
