// Jest Snapshot v1, https://goo.gl/fbAQLP

exports[`<ProductList /> should test product info 1`] = `
<ContextConsumer>
  <Component />
</ContextConsumer>
`;
