// Jest Snapshot v1, https://goo.gl/fbAQLP

exports[`Users component should rendered users component without crashed 1`] = `
<ContextConsumer>
  <Component />
</ContextConsumer>
`;
